{
  "items": [
    {
      "title": "Hello world!",
      "subtitle": "This is a subtitle",
      "uid": "unique identifier",
      "arg": "/path/to/file.jpg",
      "icon": {
        "type": "filetype",
        "path": "public.jpeg"
      },
      "valid": true,
      "match": "use this to filter",
      "autocomplete": "to this",
      "type": "file:skipcheck",
      "mods": {
        "cmd": {
          "subtitle": "⌘ changes the subtitle"
        },
        "shift": {
          "valid": false
        },
        "ctrl": {
          "icon": {
            "path": "/path/to/file.png"
          }
        },
        "alt": {
          "arg": "/path/to/modified.jpg"
        }
      },
      "text": {
        "copy": "this text will be copied when with ⌘C",
        "largetype": "this text will be displayed with ⌘L"
      },
      "quicklookurl": "https://example.com"
    }
  ]
}